../leather_gauge_controller/app/src/lgc_main_task.c:81:6:lgc_main_task_entry	88	static
../leather_gauge_controller/app/src/lgc_main_task.c:239:13:lgc_encoder_callback	8	static
../leather_gauge_controller/app/src/lgc_main_task.c:245:16:lgc_get_state	4	static
../leather_gauge_controller/app/src/lgc_main_task.c:250:16:lgc_set_state	16	static
../leather_gauge_controller/app/src/lgc_main_task.c:262:13:lgc_set_leds	16	static
../leather_gauge_controller/app/src/lgc_main_task.c:294:17:lgc_count_active_bits	16	static
../leather_gauge_controller/app/src/lgc_main_task.c:321:14:lgc_calculate_slice_area	24	static
../leather_gauge_controller/app/src/lgc_main_task.c:342:16:lgc_process_measurement	24	static
../leather_gauge_controller/app/src/lgc_main_task.c:456:6:lgc_buttons_callback	16	static
../leather_gauge_controller/app/src/lgc_main_task.c:557:6:lgc_set_stop_condition	16	static
../leather_gauge_controller/app/src/lgc_main_task.c:569:6:lgc_get_measurements	16	static
../leather_gauge_controller/app/src/lgc_main_task.c:579:6:lgc_get_state_data	16	static
