18:07:32 **** Incremental Build of configuration Debug for project leather_gauge_controller ****
make -j8 all 
arm-none-eabi-gcc "../leather_gauge_controller/app/src/hmi/lgc_hmi_task.c" -mcpu=cortex-m4 -std=gnu11 -g3 -DDEBUG -DUSE_HAL_DRIVER -DSTM32F446xx -DTX_INCLUDE_USER_DEFINE_FILE -DUX_INCLUDE_USER_DEFINE_FILE -c -I../Core/Inc -I"C:/Users/eplim/OneDrive/Escritorio/GitClone2/leather_gauge/Firmware/leather_gauge_controller/leather_gauge_controller/modules/encoder" -I"C:/Users/eplim/OneDrive/Escritorio/GitClone2/leather_gauge/Firmware/leather_gauge_controller/leather_gauge_controller/modules/di" -I"C:/Users/eplim/OneDrive/Escritorio/GitClone2/leather_gauge/Firmware/middlewares/lwbtn/src/include" -I"C:/Users/eplim/OneDrive/Escritorio/GitClone2/leather_gauge/Firmware/middlewares/lwbtn/src/include/lwbtn" -I"C:/Users/eplim/OneDrive/Escritorio/GitClone2/leather_gauge/Firmware/leather_gauge_controller/leather_gauge_controller/app/src/hmi" -I"C:/Users/eplim/OneDrive/Escritorio/GitClone2/leather_gauge/Firmware/leather_gauge_controller/leather_gauge_controller/modules/modbus" -I"C:/Users/eplim/OneDrive/Escritorio/GitClone2/leather_gauge/Firmware/leather_gauge_controller/leather_gauge_controller/modules/printer" -I"C:/Users/eplim/OneDrive/Escritorio/GitClone2/leather_gauge/Firmware/middlewares/lwprintf/src/include" -I"C:/Users/eplim/OneDrive/Escritorio/GitClone2/leather_gauge/Firmware/middlewares/lwprintf/src/include/lwprintf" -I"C:/Users/eplim/OneDrive/Escritorio/GitClone2/leather_gauge/Firmware/middlewares/lwprintf/src/include/system" -I"C:/Users/eplim/OneDrive/Escritorio/GitClone2/leather_gauge/Firmware/middlewares/stm32_log" -I"C:/Users/eplim/OneDrive/Escritorio/GitClone2/leather_gauge/Firmware/leather_gauge_controller/leather_gauge_controller/app/inc" -I"C:/Users/eplim/OneDrive/Escritorio/GitClone2/leather_gauge/Firmware/leather_gauge_controller/leather_gauge_controller/config" -I"C:/Users/eplim/OneDrive/Escritorio/GitClone2/leather_gauge/Firmware/middlewares/at24cxx" -I"C:/Users/eplim/OneDrive/Escritorio/GitClone2/leather_gauge/Firmware/middlewares/dwin" -I"C:/Users/eplim/OneDrive/Escritorio/GitClone2/leather_gauge/Firmware/middlewares/lwrb/src/include" -I"C:/Users/eplim/OneDrive/Escritorio/GitClone2/leather_gauge/Firmware/middlewares/lwrb/src/include/lwrb" -I"C:/Users/eplim/OneDrive/Escritorio/GitClone2/leather_gauge/Firmware/middlewares/nanoMODBUS" -I"C:/Users/eplim/OneDrive/Escritorio/GitClone2/leather_gauge/Firmware/leather_gauge_controller/leather_gauge_controller/modules/eeprom" -I"C:/Users/eplim/OneDrive/Escritorio/GitClone2/leather_gauge/Firmware/leather_gauge_controller/leather_gauge_controller/osal/common" -I"C:/Users/eplim/OneDrive/Escritorio/GitClone2/leather_gauge/Firmware/leather_gauge_controller/leather_gauge_controller/osal/include" -I"C:/Users/eplim/OneDrive/Escritorio/GitClone2/leather_gauge/Firmware/leather_gauge_controller/leather_gauge_controller/osal/portable/threadx" -I../Drivers/STM32F4xx_HAL_Driver/Inc -I../Drivers/STM32F4xx_HAL_Driver/Inc/Legacy -I../Drivers/CMSIS/Device/ST/STM32F4xx/Include -I../Drivers/CMSIS/Include -I../AZURE_RTOS/App -I../USBX/App -I../USBX/Target -I../Middlewares/ST/usbx/common/usbx_host_classes/inc/ -I../Middlewares/ST/usbx/common/core/inc/ -I../Middlewares/ST/usbx/ports/generic/inc/ -I../Middlewares/ST/usbx/common/usbx_stm32_host_controllers/ -I../Middlewares/ST/threadx/common/inc/ -I../Middlewares/ST/threadx/ports/cortex_m4/gnu/inc/ -O0 -ffunction-sections -fdata-sections -Wall -fstack-usage -fcyclomatic-complexity -MMD -MP -MF"leather_gauge_controller/app/src/hmi/lgc_hmi_task.d" -MT"leather_gauge_controller/app/src/hmi/lgc_hmi_task.o" --specs=nano.specs -mfpu=fpv4-sp-d16 -mfloat-abi=hard -mthumb -o "leather_gauge_controller/app/src/hmi/lgc_hmi_task.o"
../leather_gauge_controller/app/src/hmi/lgc_hmi_task.c:346:13: warning: 'hmi_set_current_page' defined but not used [-Wunused-function]
  346 | static void hmi_set_current_page(uint8_t page)
      |             ^~~~~~~~~~~~~~~~~~~~
arm-none-eabi-gcc -o "leather_gauge_controller.elf" @"objects.list"   -mcpu=cortex-m4 -T"C:\Users\eplim\OneDrive\Escritorio\GitClone2\leather_gauge\Firmware\leather_gauge_controller\STM32F446RCTX_FLASH.ld" --specs=nosys.specs -Wl,-Map="leather_gauge_controller.map" -Wl,--gc-sections -static --specs=nano.specs -mfpu=fpv4-sp-d16 -mfloat-abi=hard -mthumb -Wl,--start-group -lc -lm -Wl,--end-group
Finished building target: leather_gauge_controller.elf
 
arm-none-eabi-size  leather_gauge_controller.elf 
arm-none-eabi-objdump -h -S leather_gauge_controller.elf  > "leather_gauge_controller.list"
   text	   data	    bss	    dec	    hex	filename
 102512	    252	  96132	 198896	  308f0	leather_gauge_controller.elf
Finished building: default.size.stdout
 
Finished building: leather_gauge_controller.list
 
